1	a	a	َ	َ	َ
2	ax	ɔ	#	#	#
3	aa	aː	ا	ﺁ	آ
4	axx	ə	#	#	#
5	i	i	ِ	ِ	#
6	ii	iː	ِي	ی	ی
7	u	u, ʊ	ُ	ُ	ُ
8	eu	ɯ	#	#	#
9	uu	uː	ُو	ُو	وُ
10	rq	-	#	#	#
11	e	e	#	#	#
12	ee	eː	َي	َی	ے
13	ea	ɛ	#	#	#
14	ei	ɛː	#	#	#
15	ai	aI	#	#	#
16	oi	oj	#	#	#
17	o	o	#	#	#
18	oo	oː	#	#	#
19	ae	ae	#	#	#
20	au	aʊ	#	#	#
21	ou	oʊ	#	#	#
22	k	k	ك	#	ک
23	kh	kʰ	#	ک	کھ
24	g	g	#	گ	گ
25	gh	ɡʰ	#	#	گھ
26	ng	ŋ	#	نگ	نگ
27	c	tʃ	#	#	چ
28	ch	tʃʰ	#	چ	چھ
29	cx	t̪ʃ	#	#	#
30	j	dʒ	ج	ج	ج
31	jh	dʒʰ	#	#	جھ
32	jx	d̪ʃ	#	#	#
33	nj	ɲ	#	#	#
34	tx	ʈ	#	#	ٹ
35	txh	ʈʰ	#	#	ٹھ
36	dx	ɖ	#	#	ڈ
37	dxh	ɖʰ	#	#	ڈھ
38	nx	ɳ	#	ں	ں
39	t	t̪	#	#	#
40	th	t̪ʰ	#	ت	تھ
41	d	d̪	د	د	د
42	dh	d̪ʰ	#	#	دھ
43	n	n	ن	ن	ن
44	p	p	#	#	پ
45	ph	pʰ	#	پ	پھ
46	b	b	ب	ب	ب
47	bh	bʰ	#	#	بھ
48	m	m	م	م	م
49	y	j	ي	ی	ی
50	r	r	ر	#	ر
51	l	l	ل	ل	ل
52	lx	ɭ	#	#	#
53	w	ʋ	#	#	و
54	sh	ʃ	ش	ش	ش
55	sx	ʂ	#	#	#
56	s	s	س	س	س
57	h	ɦ	ه	ه	ہ
58	kq	q	ق	ق	ق
59	khq	x	خ	خ	خ
60	gq	ɣ	غ	غ	غ
61	z	z	ز	ز	ز
62	jhq	ʒ	#	ژ	ژ
63	dxq	ɽ	#	#	ڑ
64	dxhq	ɽʰ	#	#	ڑھ
65	tsa	θ	ث	#	#
66	hh	ħ	ح	#	#
67	dh	ð	ذ	#	#
68	ss	sˁ	ص	#	#
69	dh2	ðˁ	ظ	#	#
70	dd	dˁ	ض	#	ض
71	dz	zˁ	#	ض/ظ	ظ
72	ai	ʕ	ع	#	ع
73	thw	tˤ	ط	ط	#
74	awu	ʔ	ء	ع/ء	ع/ء
75	f	f	ف	ف	ف
