0	$	#	#	#
1	mq	#	#	#
2	q	#	#	#
3	hq	#	#	#
4	$	#	#	#
5	a	ا َ	ﺁ	ﺁ
6	aa	َا	ﺁ	آ
7	i	ِ	ِ	#
8	ii	ِي	ی	ی
9	u	ُ	ُ	ُ
10	uu	ُو	ُو	و ُ
11	rq	#	#	#
12	$   #	#	#
13	ae	#	#	#
14	e	#	#	ے
15	ee	َي	َ ی	ے
16	ei	#	#	#
17	ax	#	#	#
18	o	#	#	#
19	oo	#	#	#
20	ou	#	#	#
21	k	ك	#	ک
22	kh	#	ک	کھ
23	g	#	گ	گ
24	gh	#	گہ، گھ
25	ng	#	نگ	نگ
26	c	#	#	چ
27	ch	#	چ	چھ
28	j	ج	ج	ج
29	jh	#	#	جھ
30	nj	#	#	#
31	tx	#	#	ٹ
32	txh	#	#	ٹھ
33	dx	#	#	ڈ
34	dxh	#	#	ڈھ
35	nx	#	ں	ں
36	t	#	#	#
37	th	ت، ط، ة	#
38	d	د	د	د
39	dh	ذ	#	#
40	n	ن	ن	ن
41	nd	#	#	#
42	p	#	#	پ
43	ph	#	پ	پھ
44	b	ب	ب	ب
45	bh	#	#	بھ
46	m	م	م	م
47	y	ي	ی	ی
48	r	#	ر	#
49	rx	#	#	#
50	l	ل	ل	ل
51	lx	#	#	#
52	zh	#	#	#
53	w	و	و	#
54	sh	ش	ش	ش
55	sx	#	#	#
56	s	س	ث، س، ص	ث، س، ص
57	h	ه   ه   ه
58	$	#	#	#
59	$	#	#	#
60	nk	#	#	#
61	ag	#	#	#
62	aav	#	#	#
63	iv	#	#	#
64	iiv	#	#	#
65	uv	#	#	#
66	uuv	#	#	#
67	rqv	#	#	#
68	rqwv    #	#	#
69	aev #	#	#
70	ev	#	#	#
71	eev	#	#	#
72	eiv	#	#	#
73	axv	#	#	#
74	ov	#	#	#
75	oov #	#	#
76	ouv	#	#	#
77	eu	#	#	#
78	tv  #	#	#
79	$   #	#	#
79	$   #	#	#
79	$   #	#	#
79	$   #	#	#
79	$   #	#	#
79	$   #	#	#
79	$   #	#	#
79	$   #	#	#
87	auv	#	#	#
88	kq	ق	ق	ق
89	khq	خ	خ	خ
90	gq	غ	غ	غ
91	z	ز	ذ، ز	ذ، ز
92	dxq #	#	ڑ
93	dxhq    #	#	ڑھ
94	f	ف	ف	ف
95	y	ي	ی	ی
96	rqw	#	#	#
97	$	#	#	#
98	$	#	#	#
99	$	#	#	#
100	$	#	#	#
101	$	#	#	#
102	$	#	#	#
103	$	#	#	#
104	$	#	#	#
105	$	#	#	#
106	$	#	#	#
107	$	#	#	#
108	$	#	#	#
109	$	#	#	#
110	$	#	#	#
111	$	#	#	#
112	rv	#	#	#
113	w	#	#	#
114	$	#	#	#
115	$	#	#	#
116	$   #	#	#
117	$   #	#	#
118	$   #	#	#
119	$   #	#	#
120	$   #	#	#
121	$	#	#	#
122	nwv	#	#	#
123	nnv	#	#	#
124	rwv	#	#	#
125	lwv	#	#	#
126	lnv	#	#	#
127	$	#	#	#
