# index	label	ipa	arabic	persian	urdu
0	a	a	َ	َ	َ
1	ax	-	-	-	-
2	aa	aː	َا	ﺁ	آ
3	axx	-	-	-	-
4	i	i	ِ	ِ	-
5	ii	iː	ِي	ی	ی
6	u	u,	ُ	ُ	ُ
7	eu	-	-	-	-
8	uu	uː	ُو	ُو	و ُ
9	rq	-	-	-	-
10	e	e	-	-	-
11	ee	eː	َي	َ ی	ے
12	ea	-	-	-	-
13	ei	-	-	-	-
14	ai	aI	-	-	-
15	oi	oj	-	-	-
16	o	o	-	-	-
17	oo	oː	-	-	-
18	ae	ae	-	-	-
19	au	a	-	-	-
20	ou	o	-	-	-
21	k	k	ك	-	ک
22	kh	kʰ	-	ک	کھ
23	g	g	-	گ	گ
24	gh	-	-	-	گہ، گھ
25	ng	ŋ	-	نگ	نگ
26	c	tʃ	-	-	چ
27	ch	t	-	چ	چھ
28	cx	t	-	-	-
29	j	d	ج	ج	ج
30	jh	d	-	-	جھ
31	jx	d	-	-	-
32	nj	-	-	-	-
33	tx	-	-	-	ٹ
34	txh	-	-	-	ٹھ
35	dx	-	-	-	ڈ
36	dxh	-	-	-	ڈھ
37	nx	-	-	ں	ں
38	t	t	-	-	-
39	th	t	-	ت ، ة ط	تھ
40	d	d̪	د	د	د
41	dh	d	-	-	دھ
42	n	n	ن	ن	ن
43	nd	-	-	-	-
44	p	p	-	-	پ
45	ph	pʰ	-	پ	پھ
46	b	b	ب	ب	ب
47	bh	bʰ	-	-	بھ
48	m	m	م	م	م
49	y	j	ي	ی	ی
50	r	r	ر	-	ر
51	l	l	ل	ل	ل
52	lx	-	-	-	-
53	w	-	-	-	و
54	sh	-	ش	ش	ش
55	sx	-	-	-	-
56	s	s	س	ث، س، ص	ث، س، ص
57	h	-   ه   ه،ح ه،ح
58	kq	q	ق	ق	ق
59	khq	x	خ	خ	خ
60	gq	ɣ	غ	غ	غ
61	z	z	ز	ذ، ز	ذ، ز
62	jhq	ʒ	-	ژ	ژ
63	dxq	-	-	-	ڑ
64	dxhq	-	-	-	ڑھ
65	dhq	-	-	-	-
66	f	f	ف	ف	ف
67	bq	-	-	-	-
68	yq	-	-	-	-
69	nq	-	-	-	-
70	rx	-	-	-	-
71	sq	-	-	-	-
72	zh	-	-	-	-
73	nxh	-	-	-	ں ھ
74	nh	nʰ	-	-	نہ، نھ
75	mh	mʰ	-	-	مھ
76	rh	lʰ	-	-	-
77	lh	lʰ	-	-	-
78	wh	wʰ	-	-	-
79	q	-	-	-	-
80	hq	-	-	-	-
81	mq	-	-	-	-
82	x	x	-	-	-
83	ss	sˁ	ص	-	-
84	dh2	ðˁ	ظ	-	-
85	dd	dˁ	ض	-	ض
86	dz	zˁ	-	ض، ظ	ظ
87	ai	ʕ	ع	-	ع
88	a	ɒː	ا َ	ﺁ	ﺁ
89	e	æ	-	-	ے
90	th	t	ت ، ة	#	ت ، ة، ط
91	tsa	θ	ث	-	-
92	h	h	-	ه ، ح	-
93	hh	ħ	ح	-	-
94	dh	ð	ذ	-	-
95	r	ɾ, ɹ	-	ر	-
96	thw	tˤ	ط	ط	-
97	awu	ʔ	ء	ع، ء	ع، ء
98		◌̃	-	ں	ں
99	w	w	و	و	-
100	th	tʰ	#	ت، ط، ة	#
101	ah:	æ	َ	#	#
102	uh	ɔː, ʊ	ُ	#	#
103		ɑː	ـا	#	#
104		œː	ـو	#	#
105	ih	ɨ	ِ	#	#
106		æ, eː, æː, eɪ	#	ای	#
107		ɔ, ɒː, oɪ, oː, ɔː, aʊ	#	او	او
108		aɪ	#	#	ائی
109	ʔ	ʔ	أ	-	-
110	r	r	ر	-	-
111	aː	aː	ا	-	-
112	uː	uː	و	-	-
113	oː	oː	و	-	-
114	t	t	ت	-	-
115	d	d	د	-	-
116	eː	eː	ي	-	-
117	u	u	و	-	-
118	i	i	ي	-	-
119	iː	iː	ي	-	-
120	a	a	ا	-	-
121	h	h	ه	-	-
122	aː	aː	ى	-	-
123	a	a	ة	-	-
124	sˤ	sˤ	ص	-	-
125	ʔ	ʔ	إ	-	-
126	d͡ʒ	d͡ʒ	ج	-	-
127	ʃ	ʃ	ش	-	-
128	ɾ	ɾ	-	ر	-
129	ɒː	ɒː	-	ا	-
130	iː	iː	-	ی	-
131	uː	uː	-	و	-
132	ɑː	ɑː	-	-	آ
133	ɾ	ɾ	-	-	ر
134	ɛː	ɛː	-	-	ی
135	ɖ	ɖ	-	-	ڈ
136	ɑː	ɑː	-	-	ا
137	iː	iː	-	-	ی
138	oː	oː	-	-	و
139	ʃ	ʃ	-	-	ش
140	t͡ʃ	t͡ʃ	-	-	چ
141	t̪	t̪	-	-	ت
142	d͡ʒ	d͡ʒ	-	-	ج
143	d̪ʱ	d̪ʱ	-	-	دھ
144	uː	uː	-	-	و
145	p	p	-	-	پ
146	ɡ	ɡ	-	-	گ
147	ɑː	ɑː	-	-	ہ
148	eː	eː	-	-	ے
149	k	k	-	-	ک
150	eː	eː	-	-	ی
151	ʋ	ʋ	-	-	و
152	ʈ	ʈ	-	-	ٹ
153	ɽ	ɽ	-	-	ڑ
154	ɦ	ɦ	-	-	ہ
155	ə	ə	-	-	ا
156	ɪ	ɪ	-	-	ا
157	ʊ	ʊ	-	-	ا
158	bʱ	bʱ	-	-	بھ
159	ɦ	ɦ	-	-	ح
160	ɔː	ɔː	-	-	و
161	ɑ̃ː	ɑ̃ː	-	-	ں
